--------------------------------------------------------------------------------
Release 14.7 Trace  (lin64)
Copyright (c) 1995-2013 Xilinx, Inc.  All rights reserved.

/opt/Xilinx/14.7/ISE_DS/ISE/bin/lin64/unwrapped/trce -intstyle ise -v 3 -s 5 -n
3 -fastpaths -xml ALU.twx ALU.ncd -o ALU.twr ALU.pcf -ucf ALU.ucf

Design file:              ALU.ncd
Physical constraint file: ALU.pcf
Device,package,speed:     xc3s50an,tqg144,-5 (PRODUCTION 1.42 2013-10-13)
Report level:             verbose report

Environment Variable      Effect 
--------------------      ------ 
NONE                      No environment variables were set
--------------------------------------------------------------------------------

INFO:Timing:2698 - No timing constraints found, doing default enumeration.
INFO:Timing:3412 - To improve timing, see the Timing Closure User Guide (UG612).
INFO:Timing:2752 - To get complete path coverage, use the unconstrained paths 
   option. All paths that are not constrained will be reported in the 
   unconstrained paths section(s) of the report.
INFO:Timing:3339 - The clock-to-out numbers in this timing report are based on 
   a 50 Ohm transmission line loading model.  For the details of this model, 
   and for more information on accounting for different loading conditions, 
   please see the device datasheet.
INFO:Timing:3390 - This architecture does not support a default System Jitter 
   value, please add SYSTEM_JITTER constraint to the UCF to modify the Clock 
   Uncertainty calculation.
INFO:Timing:3389 - This architecture does not support 'Discrete Jitter' and 
   'Phase Error' calculations, these terms will be zero in the Clock 
   Uncertainty calculation.  Please make appropriate modification to 
   SYSTEM_JITTER to account for the unsupported Discrete Jitter and Phase 
   Error.



Data Sheet report:
-----------------
All values displayed in nanoseconds (ns)

Pad to Pad
---------------+---------------+---------+
Source Pad     |Destination Pad|  Delay  |
---------------+---------------+---------+
operands<0>    |display0<0>    |   16.664|
operands<0>    |display0<1>    |   17.044|
operands<0>    |display0<2>    |   16.591|
operands<0>    |display0<3>    |   17.006|
operands<0>    |display0<4>    |   16.839|
operands<0>    |display0<5>    |   17.082|
operands<0>    |display0<6>    |   16.662|
operands<0>    |display1<0>    |   13.301|
operands<0>    |display1<1>    |   15.199|
operands<0>    |display1<2>    |   15.421|
operands<0>    |display1<3>    |   15.394|
operands<0>    |display1<4>    |   13.576|
operands<0>    |display1<5>    |   13.394|
operands<0>    |display1<6>    |   15.840|
operands<0>    |display2<0>    |    8.783|
operands<0>    |display2<1>    |   12.068|
operands<0>    |display2<2>    |   12.074|
operands<0>    |display2<3>    |   11.956|
operands<0>    |display2<6>    |   11.966|
operands<0>    |display3<0>    |   11.643|
operands<0>    |display3<1>    |   10.927|
operands<0>    |display3<2>    |   11.196|
operands<0>    |display3<3>    |   10.631|
operands<0>    |display3<4>    |   10.085|
operands<0>    |display3<5>    |   10.918|
operands<0>    |display3<6>    |   11.368|
operands<0>    |display4<1>    |   11.040|
operands<0>    |display4<2>    |   11.290|
operands<0>    |display4<3>    |   11.279|
operands<0>    |display4<6>    |   11.517|
operands<0>    |display5<1>    |   10.333|
operands<0>    |display5<2>    |   10.538|
operands<0>    |display5<3>    |   10.333|
operands<0>    |display5<6>    |   10.311|
operands<1>    |display0<0>    |   16.733|
operands<1>    |display0<1>    |   17.113|
operands<1>    |display0<2>    |   16.660|
operands<1>    |display0<3>    |   17.075|
operands<1>    |display0<4>    |   16.908|
operands<1>    |display0<5>    |   17.151|
operands<1>    |display0<6>    |   16.731|
operands<1>    |display1<0>    |   13.567|
operands<1>    |display1<1>    |   15.268|
operands<1>    |display1<2>    |   15.490|
operands<1>    |display1<3>    |   15.463|
operands<1>    |display1<4>    |   13.842|
operands<1>    |display1<5>    |   13.660|
operands<1>    |display1<6>    |   15.909|
operands<1>    |display2<0>    |    8.785|
operands<1>    |display2<1>    |   12.104|
operands<1>    |display2<2>    |   12.110|
operands<1>    |display2<3>    |   11.992|
operands<1>    |display2<6>    |   12.002|
operands<1>    |display3<0>    |   13.205|
operands<1>    |display3<1>    |   12.144|
operands<1>    |display3<2>    |   12.309|
operands<1>    |display3<3>    |   11.865|
operands<1>    |display3<4>    |   11.684|
operands<1>    |display3<5>    |   12.445|
operands<1>    |display3<6>    |   12.517|
operands<1>    |display4<1>    |   11.198|
operands<1>    |display4<2>    |   11.448|
operands<1>    |display4<3>    |   11.437|
operands<1>    |display4<6>    |   11.675|
operands<1>    |display5<1>    |   10.328|
operands<1>    |display5<2>    |   10.533|
operands<1>    |display5<3>    |   10.328|
operands<1>    |display5<6>    |   10.306|
operands<2>    |display0<0>    |   15.441|
operands<2>    |display0<1>    |   15.821|
operands<2>    |display0<2>    |   15.368|
operands<2>    |display0<3>    |   15.783|
operands<2>    |display0<4>    |   15.616|
operands<2>    |display0<5>    |   15.859|
operands<2>    |display0<6>    |   15.439|
operands<2>    |display1<0>    |   13.962|
operands<2>    |display1<1>    |   14.085|
operands<2>    |display1<2>    |   14.198|
operands<2>    |display1<3>    |   14.171|
operands<2>    |display1<4>    |   14.237|
operands<2>    |display1<5>    |   14.055|
operands<2>    |display1<6>    |   14.617|
operands<2>    |display2<0>    |    9.187|
operands<2>    |display2<1>    |   12.059|
operands<2>    |display2<2>    |   12.065|
operands<2>    |display2<3>    |   11.947|
operands<2>    |display2<6>    |   11.957|
operands<2>    |display3<0>    |   13.600|
operands<2>    |display3<1>    |   12.539|
operands<2>    |display3<2>    |   12.704|
operands<2>    |display3<3>    |   12.260|
operands<2>    |display3<4>    |   12.079|
operands<2>    |display3<5>    |   12.840|
operands<2>    |display3<6>    |   12.912|
operands<2>    |display4<1>    |   11.175|
operands<2>    |display4<2>    |   11.425|
operands<2>    |display4<3>    |   11.414|
operands<2>    |display4<6>    |   11.652|
operands<2>    |display5<1>    |   10.657|
operands<2>    |display5<2>    |   10.862|
operands<2>    |display5<3>    |   10.657|
operands<2>    |display5<6>    |   10.635|
operands<3>    |display0<0>    |   15.577|
operands<3>    |display0<1>    |   15.957|
operands<3>    |display0<2>    |   15.504|
operands<3>    |display0<3>    |   15.919|
operands<3>    |display0<4>    |   15.752|
operands<3>    |display0<5>    |   15.995|
operands<3>    |display0<6>    |   15.575|
operands<3>    |display1<0>    |   13.384|
operands<3>    |display1<1>    |   14.112|
operands<3>    |display1<2>    |   14.334|
operands<3>    |display1<3>    |   14.307|
operands<3>    |display1<4>    |   13.659|
operands<3>    |display1<5>    |   13.477|
operands<3>    |display1<6>    |   14.753|
operands<3>    |display2<0>    |    8.815|
operands<3>    |display2<1>    |    9.679|
operands<3>    |display2<2>    |    9.685|
operands<3>    |display2<3>    |    9.567|
operands<3>    |display2<6>    |    9.577|
operands<3>    |display3<0>    |   12.951|
operands<3>    |display3<1>    |   11.890|
operands<3>    |display3<2>    |   12.055|
operands<3>    |display3<3>    |   11.611|
operands<3>    |display3<4>    |   11.430|
operands<3>    |display3<5>    |   12.191|
operands<3>    |display3<6>    |   12.263|
operands<3>    |display4<1>    |    9.716|
operands<3>    |display4<2>    |    9.966|
operands<3>    |display4<3>    |    9.955|
operands<3>    |display4<6>    |   10.193|
operands<3>    |display5<1>    |    9.251|
operands<3>    |display5<2>    |    9.456|
operands<3>    |display5<3>    |    9.251|
operands<3>    |display5<6>    |    9.229|
operands<4>    |display0<0>    |   14.497|
operands<4>    |display0<1>    |   14.877|
operands<4>    |display0<2>    |   14.424|
operands<4>    |display0<3>    |   14.839|
operands<4>    |display0<4>    |   14.672|
operands<4>    |display0<5>    |   14.915|
operands<4>    |display0<6>    |   14.584|
operands<4>    |display1<1>    |   13.032|
operands<4>    |display1<2>    |   13.254|
operands<4>    |display1<3>    |   13.227|
operands<4>    |display1<6>    |   13.673|
operands<4>    |display2<0>    |    9.312|
operands<4>    |display2<1>    |    9.350|
operands<4>    |display2<2>    |    9.356|
operands<4>    |display2<3>    |    9.238|
operands<4>    |display2<6>    |    9.248|
operands<4>    |display3<0>    |   12.247|
operands<4>    |display3<1>    |   11.186|
operands<4>    |display3<2>    |   11.351|
operands<4>    |display3<3>    |   10.907|
operands<4>    |display3<4>    |   10.726|
operands<4>    |display3<5>    |   11.487|
operands<4>    |display3<6>    |   11.559|
operands<4>    |display4<1>    |    9.414|
operands<4>    |display4<2>    |    9.664|
operands<4>    |display4<3>    |    9.653|
operands<4>    |display4<6>    |    9.891|
operands<4>    |display5<1>    |    8.650|
operands<4>    |display5<2>    |    8.855|
operands<4>    |display5<3>    |    8.650|
operands<4>    |display5<6>    |    8.628|
operands<5>    |display0<0>    |   16.425|
operands<5>    |display0<1>    |   16.805|
operands<5>    |display0<2>    |   16.352|
operands<5>    |display0<3>    |   16.767|
operands<5>    |display0<4>    |   16.600|
operands<5>    |display0<5>    |   16.843|
operands<5>    |display0<6>    |   16.423|
operands<5>    |display1<0>    |   13.444|
operands<5>    |display1<1>    |   14.960|
operands<5>    |display1<2>    |   15.182|
operands<5>    |display1<3>    |   15.155|
operands<5>    |display1<4>    |   13.719|
operands<5>    |display1<5>    |   13.537|
operands<5>    |display1<6>    |   15.601|
operands<5>    |display2<1>    |    9.460|
operands<5>    |display2<2>    |    9.466|
operands<5>    |display2<3>    |    9.348|
operands<5>    |display2<6>    |    9.358|
operands<5>    |display3<0>    |   12.567|
operands<5>    |display3<1>    |   11.506|
operands<5>    |display3<2>    |   11.671|
operands<5>    |display3<3>    |   11.227|
operands<5>    |display3<4>    |   11.046|
operands<5>    |display3<5>    |   11.807|
operands<5>    |display3<6>    |   11.879|
operands<5>    |display4<1>    |    9.162|
operands<5>    |display4<2>    |    9.412|
operands<5>    |display4<3>    |    9.401|
operands<5>    |display4<6>    |    9.639|
operands<5>    |display5<0>    |    8.455|
operands<5>    |display5<1>    |    9.242|
operands<5>    |display5<2>    |    9.447|
operands<5>    |display5<3>    |    9.242|
operands<5>    |display5<6>    |    9.220|
operands<6>    |display0<0>    |   17.394|
operands<6>    |display0<1>    |   17.774|
operands<6>    |display0<2>    |   17.321|
operands<6>    |display0<3>    |   17.736|
operands<6>    |display0<4>    |   17.569|
operands<6>    |display0<5>    |   17.812|
operands<6>    |display0<6>    |   17.392|
operands<6>    |display1<0>    |   13.399|
operands<6>    |display1<1>    |   15.929|
operands<6>    |display1<2>    |   16.151|
operands<6>    |display1<3>    |   16.124|
operands<6>    |display1<4>    |   13.674|
operands<6>    |display1<5>    |   13.492|
operands<6>    |display1<6>    |   16.570|
operands<6>    |display2<1>    |   10.337|
operands<6>    |display2<2>    |   10.343|
operands<6>    |display2<3>    |   10.225|
operands<6>    |display2<6>    |   10.235|
operands<6>    |display3<0>    |   12.523|
operands<6>    |display3<1>    |    9.286|
operands<6>    |display3<2>    |    9.740|
operands<6>    |display3<3>    |    8.848|
operands<6>    |display3<4>    |    8.176|
operands<6>    |display3<5>    |    8.970|
operands<6>    |display3<6>    |    9.912|
operands<6>    |display4<1>    |    9.255|
operands<6>    |display4<2>    |    9.505|
operands<6>    |display4<3>    |    9.494|
operands<6>    |display4<6>    |    9.732|
operands<6>    |display5<0>    |    8.576|
operands<6>    |display5<1>    |    8.935|
operands<6>    |display5<2>    |    9.140|
operands<6>    |display5<3>    |    8.935|
operands<6>    |display5<6>    |    8.913|
operands<7>    |display0<0>    |   15.919|
operands<7>    |display0<1>    |   16.299|
operands<7>    |display0<2>    |   15.846|
operands<7>    |display0<3>    |   16.261|
operands<7>    |display0<4>    |   16.094|
operands<7>    |display0<5>    |   16.337|
operands<7>    |display0<6>    |   15.917|
operands<7>    |display1<0>    |   13.195|
operands<7>    |display1<1>    |   14.454|
operands<7>    |display1<2>    |   14.676|
operands<7>    |display1<3>    |   14.649|
operands<7>    |display1<4>    |   13.470|
operands<7>    |display1<5>    |   13.288|
operands<7>    |display1<6>    |   15.095|
operands<7>    |display2<1>    |   10.395|
operands<7>    |display2<2>    |   10.401|
operands<7>    |display2<3>    |   10.283|
operands<7>    |display2<6>    |   10.293|
operands<7>    |display3<0>    |   11.048|
operands<7>    |display3<1>    |   10.517|
operands<7>    |display3<2>    |   10.971|
operands<7>    |display3<3>    |   10.079|
operands<7>    |display3<4>    |    8.029|
operands<7>    |display3<5>    |    8.784|
operands<7>    |display3<6>    |   11.143|
operands<7>    |display4<1>    |    9.134|
operands<7>    |display4<2>    |    9.384|
operands<7>    |display4<3>    |    9.373|
operands<7>    |display4<6>    |    9.611|
operands<7>    |display5<0>    |    8.264|
operands<7>    |display5<1>    |    9.487|
operands<7>    |display5<2>    |    9.692|
operands<7>    |display5<3>    |    9.487|
operands<7>    |display5<6>    |    9.465|
operands<8>    |display0<0>    |   15.939|
operands<8>    |display0<1>    |   16.319|
operands<8>    |display0<2>    |   15.866|
operands<8>    |display0<3>    |   16.281|
operands<8>    |display0<4>    |   16.114|
operands<8>    |display0<5>    |   16.357|
operands<8>    |display0<6>    |   15.937|
operands<8>    |display1<0>    |   13.215|
operands<8>    |display1<1>    |   14.474|
operands<8>    |display1<2>    |   14.696|
operands<8>    |display1<3>    |   14.669|
operands<8>    |display1<4>    |   13.490|
operands<8>    |display1<5>    |   13.308|
operands<8>    |display1<6>    |   15.115|
operands<8>    |display2<1>    |    9.745|
operands<8>    |display2<2>    |    9.751|
operands<8>    |display2<3>    |    9.633|
operands<8>    |display2<6>    |    9.643|
operands<8>    |display3<0>    |   11.068|
operands<8>    |display3<1>    |    9.442|
operands<8>    |display3<2>    |    9.896|
operands<8>    |display3<3>    |    9.004|
operands<8>    |display3<4>    |    8.370|
operands<8>    |display3<5>    |    9.007|
operands<8>    |display3<6>    |   10.068|
operands<8>    |display4<1>    |   10.297|
operands<8>    |display4<2>    |   10.547|
operands<8>    |display4<3>    |   10.536|
operands<8>    |display4<6>    |   10.774|
operands<8>    |display5<0>    |    8.379|
operands<8>    |display5<1>    |    9.384|
operands<8>    |display5<2>    |    9.589|
operands<8>    |display5<3>    |    9.384|
operands<8>    |display5<6>    |    9.362|
operands<9>    |display0<0>    |   14.025|
operands<9>    |display0<1>    |   14.405|
operands<9>    |display0<2>    |   13.952|
operands<9>    |display0<3>    |   14.367|
operands<9>    |display0<4>    |   14.200|
operands<9>    |display0<5>    |   14.443|
operands<9>    |display0<6>    |   14.023|
operands<9>    |display1<1>    |   12.560|
operands<9>    |display1<2>    |   12.782|
operands<9>    |display1<3>    |   12.755|
operands<9>    |display1<6>    |   13.201|
operands<9>    |display2<1>    |    9.522|
operands<9>    |display2<2>    |    9.528|
operands<9>    |display2<3>    |    9.410|
operands<9>    |display2<6>    |    9.420|
operands<9>    |display3<0>    |    8.382|
operands<9>    |display3<1>    |    9.251|
operands<9>    |display3<2>    |    9.705|
operands<9>    |display3<3>    |    8.813|
operands<9>    |display3<6>    |    9.877|
operands<9>    |display4<1>    |   10.040|
operands<9>    |display4<2>    |   10.290|
operands<9>    |display4<3>    |   10.279|
operands<9>    |display4<6>    |   10.517|
operands<9>    |display5<0>    |    7.551|
operands<9>    |display5<1>    |    8.009|
operands<9>    |display5<2>    |    8.214|
operands<9>    |display5<3>    |    8.009|
operands<9>    |display5<6>    |    7.987|
sw1            |display0<0>    |    7.708|
sw1            |display0<1>    |    9.612|
sw1            |display0<2>    |   10.338|
sw1            |display0<3>    |   11.717|
sw1            |display0<4>    |    8.832|
sw1            |display0<5>    |   10.077|
sw1            |display0<6>    |   11.719|
sw1            |display1<0>    |    7.969|
sw1            |display1<1>    |    9.462|
sw1            |display1<2>    |    9.684|
sw1            |display1<3>    |    9.657|
sw1            |display1<4>    |    8.258|
sw1            |display1<5>    |    8.375|
sw1            |display1<6>    |   10.103|
sw1            |display2<0>    |   10.103|
sw1            |display2<1>    |    7.460|
sw1            |display2<2>    |    7.466|
sw1            |display2<3>    |    7.348|
sw1            |display2<4>    |    7.078|
sw1            |display2<5>    |    7.311|
sw1            |display2<6>    |    7.358|
sw1            |display3<0>    |    7.671|
sw1            |display3<1>    |    8.954|
sw1            |display3<2>    |    7.277|
sw1            |display3<3>    |    8.726|
sw1            |display3<4>    |    7.334|
sw1            |display3<5>    |    7.324|
sw1            |display3<6>    |    7.483|
sw1            |display4<1>    |    7.099|
sw1            |display4<2>    |    7.349|
sw1            |display4<3>    |    7.338|
sw1            |display4<4>    |    7.851|
sw1            |display4<5>    |    7.851|
sw1            |display4<6>    |    7.576|
sw1            |display5<0>    |    8.798|
sw1            |display5<1>    |   10.777|
sw1            |display5<2>    |   10.982|
sw1            |display5<3>    |   10.777|
sw1            |display5<4>    |    7.984|
sw1            |display5<5>    |    7.991|
sw1            |display5<6>    |   10.755|
sw2            |display0<0>    |    8.927|
sw2            |display0<1>    |   12.254|
sw2            |display0<2>    |   10.983|
sw2            |display0<3>    |   11.216|
sw2            |display0<4>    |   10.511|
sw2            |display0<5>    |   10.803|
sw2            |display0<6>    |   11.218|
sw2            |display1<0>    |    8.657|
sw2            |display1<1>    |    9.544|
sw2            |display1<2>    |    9.766|
sw2            |display1<3>    |    9.739|
sw2            |display1<4>    |    8.575|
sw2            |display1<5>    |    8.580|
sw2            |display1<6>    |   10.185|
sw2            |display2<0>    |    9.602|
sw2            |display2<1>    |    8.636|
sw2            |display2<2>    |    8.642|
sw2            |display2<3>    |    8.524|
sw2            |display2<4>    |    7.497|
sw2            |display2<5>    |    7.730|
sw2            |display2<6>    |    8.534|
sw2            |display3<0>    |    7.373|
sw2            |display3<1>    |    8.453|
sw2            |display3<2>    |    9.256|
sw2            |display3<3>    |    8.225|
sw2            |display3<4>    |    9.166|
sw2            |display3<5>    |    7.799|
sw2            |display3<6>    |    9.442|
sw2            |display4<1>    |    9.987|
sw2            |display4<2>    |   10.237|
sw2            |display4<3>    |   10.226|
sw2            |display4<4>    |    7.331|
sw2            |display4<5>    |    7.331|
sw2            |display4<6>    |   10.464|
sw2            |display5<0>    |    8.297|
sw2            |display5<1>    |   10.276|
sw2            |display5<2>    |   10.481|
sw2            |display5<3>    |   10.276|
sw2            |display5<4>    |    7.786|
sw2            |display5<5>    |    7.793|
sw2            |display5<6>    |   10.254|
sw3            |display0<0>    |    9.760|
sw3            |display0<1>    |   12.151|
sw3            |display0<2>    |   10.880|
sw3            |display0<3>    |   12.180|
sw3            |display0<4>    |   10.408|
sw3            |display0<5>    |   10.700|
sw3            |display0<6>    |   12.182|
sw3            |display1<0>    |    8.064|
sw3            |display1<1>    |    8.973|
sw3            |display1<2>    |    8.773|
sw3            |display1<3>    |    8.909|
sw3            |display1<4>    |    8.114|
sw3            |display1<5>    |    8.044|
sw3            |display1<6>    |    9.031|
sw3            |display2<0>    |   10.566|
sw3            |display2<1>    |    8.402|
sw3            |display2<2>    |    8.408|
sw3            |display2<3>    |    8.290|
sw3            |display2<4>    |    7.277|
sw3            |display2<5>    |    7.510|
sw3            |display2<6>    |    8.300|
sw3            |display3<0>    |    9.617|
sw3            |display3<1>    |    9.417|
sw3            |display3<2>    |    9.153|
sw3            |display3<3>    |    9.189|
sw3            |display3<4>    |    9.063|
sw3            |display3<5>    |    8.471|
sw3            |display3<6>    |    9.339|
sw3            |display4<1>    |    9.884|
sw3            |display4<2>    |   10.134|
sw3            |display4<3>    |   10.123|
sw3            |display4<4>    |    8.317|
sw3            |display4<5>    |    8.317|
sw3            |display4<6>    |   10.361|
sw3            |display5<0>    |    9.261|
sw3            |display5<1>    |   11.240|
sw3            |display5<2>    |   11.445|
sw3            |display5<3>    |   11.240|
sw3            |display5<4>    |    8.577|
sw3            |display5<5>    |    8.584|
sw3            |display5<6>    |   11.218|
sw4            |display0<0>    |   10.538|
sw4            |display0<1>    |   11.646|
sw4            |display0<2>    |   11.697|
sw4            |display0<3>    |   13.301|
sw4            |display0<4>    |   10.074|
sw4            |display0<5>    |   10.533|
sw4            |display0<6>    |   12.341|
sw4            |display2<0>    |    9.556|
sw4            |display3<0>    |   12.186|
sw4            |display3<1>    |    8.382|
sw4            |display3<2>    |    8.910|
sw4            |display3<3>    |    8.067|
sw4            |display3<4>    |    8.530|
sw4            |display3<5>    |    9.106|
sw4            |display3<6>    |   11.515|
sw4            |display5<0>    |    9.090|
sw5            |display0<0>    |    9.196|
sw5            |display0<1>    |   11.185|
sw5            |display0<2>    |   11.678|
sw5            |display0<3>    |   13.285|
sw5            |display0<4>    |    9.726|
sw5            |display0<5>    |   10.940|
sw5            |display0<6>    |   12.325|
sw5            |display1<1>    |    9.785|
sw5            |display1<2>    |   10.261|
sw5            |display1<3>    |   10.234|
sw5            |display1<6>    |   10.506|
sw5            |display2<0>    |    8.791|
sw5            |display2<1>    |    9.084|
sw5            |display2<2>    |    9.090|
sw5            |display2<3>    |    8.972|
sw5            |display2<4>    |    8.107|
sw5            |display2<5>    |    8.340|
sw5            |display2<6>    |    8.982|
sw5            |display3<0>    |   12.170|
sw5            |display3<1>    |   10.956|
sw5            |display3<2>    |   11.410|
sw5            |display3<3>    |   10.518|
sw5            |display3<4>    |    7.713|
sw5            |display3<5>    |    8.345|
sw5            |display3<6>    |   11.582|
sw5            |display4<1>    |    8.449|
sw5            |display4<2>    |    8.699|
sw5            |display4<3>    |    8.688|
sw5            |display4<6>    |    8.926|
sw5            |display5<0>    |    8.325|
sw5            |display5<1>    |   10.486|
sw5            |display5<2>    |   10.691|
sw5            |display5<3>    |   10.486|
sw5            |display5<4>    |    8.798|
sw5            |display5<5>    |    8.805|
sw5            |display5<6>    |   10.464|
sw6            |display0<0>    |    8.861|
sw6            |display0<1>    |   10.888|
sw6            |display0<2>    |   11.752|
sw6            |display0<3>    |   13.390|
sw6            |display0<4>    |    9.663|
sw6            |display0<5>    |   10.386|
sw6            |display0<6>    |   12.494|
sw6            |display1<1>    |   10.875|
sw6            |display1<2>    |   11.351|
sw6            |display1<3>    |   11.324|
sw6            |display1<6>    |   11.596|
sw6            |display2<0>    |    9.713|
sw6            |display2<1>    |   10.198|
sw6            |display2<2>    |   10.204|
sw6            |display2<3>    |   10.086|
sw6            |display2<4>    |    7.771|
sw6            |display2<5>    |    8.004|
sw6            |display2<6>    |   10.096|
sw6            |display3<0>    |   12.275|
sw6            |display3<1>    |   10.972|
sw6            |display3<2>    |   11.426|
sw6            |display3<3>    |   10.534|
sw6            |display3<4>    |    8.002|
sw6            |display3<5>    |    8.394|
sw6            |display3<6>    |   11.604|
sw6            |display4<1>    |    9.921|
sw6            |display4<2>    |   10.171|
sw6            |display4<3>    |   10.160|
sw6            |display4<6>    |   10.398|
sw6            |display5<0>    |    9.247|
sw6            |display5<1>    |   10.502|
sw6            |display5<2>    |   10.707|
sw6            |display5<3>    |   10.502|
sw6            |display5<4>    |    8.814|
sw6            |display5<5>    |    8.821|
sw6            |display5<6>    |   10.480|
---------------+---------------+---------+


Analysis completed Mon Nov 12 11:25:41 2018 
--------------------------------------------------------------------------------

Trace Settings:
-------------------------
Trace Settings 

Peak Memory Usage: 361 MB



